[09-Jun-2026 07:18:11 UTC] PHP Fatal error:  Uncaught Error: Call to a member function get_gallery_image_ids() on bool in /Users/franmartinhersog/Local Sites/mi-portfolio-web/app/public/wp-content/plugins/elementor/modules/ai/module.php:351
Stack trace:
#0 /Users/franmartinhersog/Local Sites/mi-portfolio-web/app/public/wp-includes/class-wp-hook.php(341): Elementor\Modules\Ai\Module->get_product_images_ajax('')
#1 /Users/franmartinhersog/Local Sites/mi-portfolio-web/app/public/wp-includes/class-wp-hook.php(365): WP_Hook->apply_filters('', Array)
#2 /Users/franmartinhersog/Local Sites/mi-portfolio-web/app/public/wp-includes/plugin.php(522): WP_Hook->do_action(Array)
#3 /Users/franmartinhersog/Local Sites/mi-portfolio-web/app/public/wp-admin/admin-ajax.php(192): do_action('wp_ajax_element...')
#4 {main}
  thrown in /Users/franmartinhersog/Local Sites/mi-portfolio-web/app/public/wp-content/plugins/elementor/modules/ai/module.php on line 351
[09-Jun-2026 07:18:55 UTC] PHP Fatal error:  Uncaught Error: Call to a member function get_gallery_image_ids() on bool in /Users/franmartinhersog/Local Sites/mi-portfolio-web/app/public/wp-content/plugins/elementor/modules/ai/module.php:351
Stack trace:
#0 /Users/franmartinhersog/Local Sites/mi-portfolio-web/app/public/wp-includes/class-wp-hook.php(341): Elementor\Modules\Ai\Module->get_product_images_ajax('')
#1 /Users/franmartinhersog/Local Sites/mi-portfolio-web/app/public/wp-includes/class-wp-hook.php(365): WP_Hook->apply_filters('', Array)
#2 /Users/franmartinhersog/Local Sites/mi-portfolio-web/app/public/wp-includes/plugin.php(522): WP_Hook->do_action(Array)
#3 /Users/franmartinhersog/Local Sites/mi-portfolio-web/app/public/wp-admin/admin-ajax.php(192): do_action('wp_ajax_element...')
#4 {main}
  thrown in /Users/franmartinhersog/Local Sites/mi-portfolio-web/app/public/wp-content/plugins/elementor/modules/ai/module.php on line 351
[09-Jun-2026 07:19:43 UTC] PHP Fatal error:  Uncaught Error: Call to a member function get_gallery_image_ids() on bool in /Users/franmartinhersog/Local Sites/mi-portfolio-web/app/public/wp-content/plugins/elementor/modules/ai/module.php:351
Stack trace:
#0 /Users/franmartinhersog/Local Sites/mi-portfolio-web/app/public/wp-includes/class-wp-hook.php(341): Elementor\Modules\Ai\Module->get_product_images_ajax('')
#1 /Users/franmartinhersog/Local Sites/mi-portfolio-web/app/public/wp-includes/class-wp-hook.php(365): WP_Hook->apply_filters('', Array)
#2 /Users/franmartinhersog/Local Sites/mi-portfolio-web/app/public/wp-includes/plugin.php(522): WP_Hook->do_action(Array)
#3 /Users/franmartinhersog/Local Sites/mi-portfolio-web/app/public/wp-admin/admin-ajax.php(192): do_action('wp_ajax_element...')
#4 {main}
  thrown in /Users/franmartinhersog/Local Sites/mi-portfolio-web/app/public/wp-content/plugins/elementor/modules/ai/module.php on line 351
[09-Jun-2026 07:21:46 UTC] PHP Fatal error:  Uncaught Error: Call to a member function get_gallery_image_ids() on bool in /Users/franmartinhersog/Local Sites/mi-portfolio-web/app/public/wp-content/plugins/elementor/modules/ai/module.php:351
Stack trace:
#0 /Users/franmartinhersog/Local Sites/mi-portfolio-web/app/public/wp-includes/class-wp-hook.php(341): Elementor\Modules\Ai\Module->get_product_images_ajax('')
#1 /Users/franmartinhersog/Local Sites/mi-portfolio-web/app/public/wp-includes/class-wp-hook.php(365): WP_Hook->apply_filters('', Array)
#2 /Users/franmartinhersog/Local Sites/mi-portfolio-web/app/public/wp-includes/plugin.php(522): WP_Hook->do_action(Array)
#3 /Users/franmartinhersog/Local Sites/mi-portfolio-web/app/public/wp-admin/admin-ajax.php(192): do_action('wp_ajax_element...')
#4 {main}
  thrown in /Users/franmartinhersog/Local Sites/mi-portfolio-web/app/public/wp-content/plugins/elementor/modules/ai/module.php on line 351
[09-Jun-2026 07:22:15 UTC] PHP Fatal error:  Uncaught Error: Call to a member function get_gallery_image_ids() on bool in /Users/franmartinhersog/Local Sites/mi-portfolio-web/app/public/wp-content/plugins/elementor/modules/ai/module.php:351
Stack trace:
#0 /Users/franmartinhersog/Local Sites/mi-portfolio-web/app/public/wp-includes/class-wp-hook.php(341): Elementor\Modules\Ai\Module->get_product_images_ajax('')
#1 /Users/franmartinhersog/Local Sites/mi-portfolio-web/app/public/wp-includes/class-wp-hook.php(365): WP_Hook->apply_filters('', Array)
#2 /Users/franmartinhersog/Local Sites/mi-portfolio-web/app/public/wp-includes/plugin.php(522): WP_Hook->do_action(Array)
#3 /Users/franmartinhersog/Local Sites/mi-portfolio-web/app/public/wp-admin/admin-ajax.php(192): do_action('wp_ajax_element...')
#4 {main}
  thrown in /Users/franmartinhersog/Local Sites/mi-portfolio-web/app/public/wp-content/plugins/elementor/modules/ai/module.php on line 351
[09-Jun-2026 07:22:41 UTC] PHP Fatal error:  Uncaught Error: Call to a member function get_gallery_image_ids() on bool in /Users/franmartinhersog/Local Sites/mi-portfolio-web/app/public/wp-content/plugins/elementor/modules/ai/module.php:351
Stack trace:
#0 /Users/franmartinhersog/Local Sites/mi-portfolio-web/app/public/wp-includes/class-wp-hook.php(341): Elementor\Modules\Ai\Module->get_product_images_ajax('')
#1 /Users/franmartinhersog/Local Sites/mi-portfolio-web/app/public/wp-includes/class-wp-hook.php(365): WP_Hook->apply_filters('', Array)
#2 /Users/franmartinhersog/Local Sites/mi-portfolio-web/app/public/wp-includes/plugin.php(522): WP_Hook->do_action(Array)
#3 /Users/franmartinhersog/Local Sites/mi-portfolio-web/app/public/wp-admin/admin-ajax.php(192): do_action('wp_ajax_element...')
#4 {main}
  thrown in /Users/franmartinhersog/Local Sites/mi-portfolio-web/app/public/wp-content/plugins/elementor/modules/ai/module.php on line 351
[09-Jun-2026 07:23:06 UTC] PHP Fatal error:  Uncaught Error: Call to a member function get_gallery_image_ids() on bool in /Users/franmartinhersog/Local Sites/mi-portfolio-web/app/public/wp-content/plugins/elementor/modules/ai/module.php:351
Stack trace:
#0 /Users/franmartinhersog/Local Sites/mi-portfolio-web/app/public/wp-includes/class-wp-hook.php(341): Elementor\Modules\Ai\Module->get_product_images_ajax('')
#1 /Users/franmartinhersog/Local Sites/mi-portfolio-web/app/public/wp-includes/class-wp-hook.php(365): WP_Hook->apply_filters('', Array)
#2 /Users/franmartinhersog/Local Sites/mi-portfolio-web/app/public/wp-includes/plugin.php(522): WP_Hook->do_action(Array)
#3 /Users/franmartinhersog/Local Sites/mi-portfolio-web/app/public/wp-admin/admin-ajax.php(192): do_action('wp_ajax_element...')
#4 {main}
  thrown in /Users/franmartinhersog/Local Sites/mi-portfolio-web/app/public/wp-content/plugins/elementor/modules/ai/module.php on line 351
[09-Jun-2026 07:23:36 UTC] PHP Fatal error:  Uncaught Error: Call to a member function get_gallery_image_ids() on bool in /Users/franmartinhersog/Local Sites/mi-portfolio-web/app/public/wp-content/plugins/elementor/modules/ai/module.php:351
Stack trace:
#0 /Users/franmartinhersog/Local Sites/mi-portfolio-web/app/public/wp-includes/class-wp-hook.php(341): Elementor\Modules\Ai\Module->get_product_images_ajax('')
#1 /Users/franmartinhersog/Local Sites/mi-portfolio-web/app/public/wp-includes/class-wp-hook.php(365): WP_Hook->apply_filters('', Array)
#2 /Users/franmartinhersog/Local Sites/mi-portfolio-web/app/public/wp-includes/plugin.php(522): WP_Hook->do_action(Array)
#3 /Users/franmartinhersog/Local Sites/mi-portfolio-web/app/public/wp-admin/admin-ajax.php(192): do_action('wp_ajax_element...')
#4 {main}
  thrown in /Users/franmartinhersog/Local Sites/mi-portfolio-web/app/public/wp-content/plugins/elementor/modules/ai/module.php on line 351
[09-Jun-2026 07:24:00 UTC] PHP Fatal error:  Uncaught Error: Call to a member function get_gallery_image_ids() on bool in /Users/franmartinhersog/Local Sites/mi-portfolio-web/app/public/wp-content/plugins/elementor/modules/ai/module.php:351
Stack trace:
#0 /Users/franmartinhersog/Local Sites/mi-portfolio-web/app/public/wp-includes/class-wp-hook.php(341): Elementor\Modules\Ai\Module->get_product_images_ajax('')
#1 /Users/franmartinhersog/Local Sites/mi-portfolio-web/app/public/wp-includes/class-wp-hook.php(365): WP_Hook->apply_filters('', Array)
#2 /Users/franmartinhersog/Local Sites/mi-portfolio-web/app/public/wp-includes/plugin.php(522): WP_Hook->do_action(Array)
#3 /Users/franmartinhersog/Local Sites/mi-portfolio-web/app/public/wp-admin/admin-ajax.php(192): do_action('wp_ajax_element...')
#4 {main}
  thrown in /Users/franmartinhersog/Local Sites/mi-portfolio-web/app/public/wp-content/plugins/elementor/modules/ai/module.php on line 351
[09-Jun-2026 07:24:57 UTC] PHP Fatal error:  Uncaught Error: Call to a member function get_gallery_image_ids() on bool in /Users/franmartinhersog/Local Sites/mi-portfolio-web/app/public/wp-content/plugins/elementor/modules/ai/module.php:351
Stack trace:
#0 /Users/franmartinhersog/Local Sites/mi-portfolio-web/app/public/wp-includes/class-wp-hook.php(341): Elementor\Modules\Ai\Module->get_product_images_ajax('')
#1 /Users/franmartinhersog/Local Sites/mi-portfolio-web/app/public/wp-includes/class-wp-hook.php(365): WP_Hook->apply_filters('', Array)
#2 /Users/franmartinhersog/Local Sites/mi-portfolio-web/app/public/wp-includes/plugin.php(522): WP_Hook->do_action(Array)
#3 /Users/franmartinhersog/Local Sites/mi-portfolio-web/app/public/wp-admin/admin-ajax.php(192): do_action('wp_ajax_element...')
#4 {main}
  thrown in /Users/franmartinhersog/Local Sites/mi-portfolio-web/app/public/wp-content/plugins/elementor/modules/ai/module.php on line 351
[09-Jun-2026 10:14:14 UTC] PHP Warning:  Undefined array key "plugin_sku" in /Users/franmartinhersog/Local Sites/mi-portfolio-web/app/public/wp-content/plugins/cart-notices-for-woocommerce/berocket/includes/admin_notices.php on line 1792
[09-Jun-2026 10:14:14 UTC] PHP Stack trace:
[09-Jun-2026 10:14:14 UTC] PHP   1. {main}() /Users/franmartinhersog/Local Sites/mi-portfolio-web/app/public/wp-admin/admin.php:0
[09-Jun-2026 10:14:14 UTC] PHP   2. do_action($hook_name = 'berocket_page_br-cart_notices') /Users/franmartinhersog/Local Sites/mi-portfolio-web/app/public/wp-admin/admin.php:264
[09-Jun-2026 10:14:14 UTC] PHP   3. WP_Hook->do_action($args = [0 => '']) /Users/franmartinhersog/Local Sites/mi-portfolio-web/app/public/wp-includes/plugin.php:522
[09-Jun-2026 10:14:14 UTC] PHP   4. WP_Hook->apply_filters($value = '', $args = [0 => '']) /Users/franmartinhersog/Local Sites/mi-portfolio-web/app/public/wp-includes/class-wp-hook.php:365
[09-Jun-2026 10:14:14 UTC] PHP   5. BeRocket_Framework->option_form('') /Users/franmartinhersog/Local Sites/mi-portfolio-web/app/public/wp-includes/class-wp-hook.php:341
[09-Jun-2026 10:14:14 UTC] PHP   6. include() /Users/franmartinhersog/Local Sites/mi-portfolio-web/app/public/wp-content/plugins/cart-notices-for-woocommerce/berocket/framework.php:624
[09-Jun-2026 10:14:14 UTC] PHP   7. do_action($hook_name = 'berocket_above_admin_settings', ...$arg = variadic(3, class BeRocket_cart_notices { public $plugin_framework_version = '3.0.5.2'; public $licenses_current = [0 => 'free', 1 => 'paid', 2 => 'paid']; public $addons = NULL; public $defaults = ['disable_cart' => '', 'disable_checkout' => '', 'use_wc_notices' => '', 'pages' => [...], 'wc_notice_pages' => [...], 'custom_css' => '']; public $default = NULL; public $values = ['settings_name' => 'br-cart_notices-options', 'option_page' => 'br-cart_notices', 'premium_slug' => 'woocommerce-cart-notices', 'free_slug' => 'cart-notices-for-woocommerce', 'hpos_comp' => TRUE]; public $feature_list = []; public $libraries = class BeRocket_framework_libraries { public $libraries_name = [...]; public $info = [...]; public $values = [...]; public $options = [...]; public $libraries_class = [...] }; public $info = ['id' => 12, 'lic_id' => 23, 'version' => '3.6.2.8', 'plugin' => 'cart-notices-for-woocommerce/woocommerce-cart-notices.php', 'slug' => 'cart-notices-for-woocommerce', 'key' => '', 'name' => 'Cart Notices for WooCommerce', 'plugin_name' => 'cart_notices', 'full_name' => 'WooCommerce Cart Notices', 'norm_name' => 'Cart Notices', 'price' => '', 'domain' => 'cart-notices-for-woocommerce', 'templates' => '/Users/franmartinhersog/Local Sites/mi-portfolio-web/app/public/wp-content/plugins/cart-notices-for-woocommerce/templates/', 'plugin_file' => '/Users/franmartinhersog/Local Sites/mi-portfolio-web/app/public/wp-content/plugins/cart-notices-for-woocommerce/woocommerce-cart-notices.php', 'plugin_dir' => '/Users/franmartinhersog/Local Sites/mi-portfolio-web/app/public/wp-content/plugins/cart-notices-for-woocommerce', 'version_capability' => 3, 'free_slug' => 'cart-notices-for-woocommerce']; public $import_export = FALSE; public $import_export_posts = FALSE; protected $disable_settings_for_admin = []; private ${BeRocket_Framework}post = NULL; private ${BeRocket_Framework}cc = ...; protected $plugin_version_capability = 3; protected $framework_data = ['fontawesome_frontend' => FALSE]; protected $active_libraries = []; public $check_lib = NULL; protected $check_init_array = []; public $notice_array = NULL; public $conditions = class BeRocket_conditions_cart_notice { public $conditions = [...]; public $option_name = 'br_notice[condition]'; public $hook_name = 'berocket_cart_notice_post' } })) /Users/franmartinhersog/Local Sites/mi-portfolio-web/app/public/wp-content/plugins/cart-notices-for-woocommerce/berocket/templates/settings.php:15
[09-Jun-2026 10:14:14 UTC] PHP   8. WP_Hook->do_action($args = [0 => 3, 1 => class BeRocket_cart_notices { public $plugin_framework_version = '3.0.5.2'; public $licenses_current = [...]; public $addons = NULL; public $defaults = [...]; public $default = NULL; public $values = [...]; public $feature_list = [...]; public $libraries = class BeRocket_framework_libraries { ... }; public $info = [...]; public $import_export = FALSE; public $import_export_posts = FALSE; protected $disable_settings_for_admin = [...]; private ${BeRocket_Framework}post = NULL; private ${BeRocket_Framework}cc = ...; protected $plugin_version_capability = 3; protected $framework_data = [...]; protected $active_libraries = [...]; public $check_lib = NULL; protected $check_init_array = [...]; public $notice_array = NULL; public $conditions = class BeRocket_conditions_cart_notice { ... } }]) /Users/franmartinhersog/Local Sites/mi-portfolio-web/app/public/wp-includes/plugin.php:522
[09-Jun-2026 10:14:14 UTC] PHP   9. WP_Hook->apply_filters($value = '', $args = [0 => 3, 1 => class BeRocket_cart_notices { public $plugin_framework_version = '3.0.5.2'; public $licenses_current = [...]; public $addons = NULL; public $defaults = [...]; public $default = NULL; public $values = [...]; public $feature_list = [...]; public $libraries = class BeRocket_framework_libraries { ... }; public $info = [...]; public $import_export = FALSE; public $import_export_posts = FALSE; protected $disable_settings_for_admin = [...]; private ${BeRocket_Framework}post = NULL; private ${BeRocket_Framework}cc = ...; protected $plugin_version_capability = 3; protected $framework_data = [...]; protected $active_libraries = [...]; public $check_lib = NULL; protected $check_init_array = [...]; public $notice_array = NULL; public $conditions = class BeRocket_conditions_cart_notice { ... } }]) /Users/franmartinhersog/Local Sites/mi-portfolio-web/app/public/wp-includes/class-wp-hook.php:365
[09-Jun-2026 10:14:14 UTC] PHP  10. berocket_admin_notices_rate_stars->show_ad_above_admin_settings($plugin_version_capability = 3, $cur_plugin = class BeRocket_cart_notices { public $plugin_framework_version = '3.0.5.2'; public $licenses_current = [0 => 'free', 1 => 'paid', 2 => 'paid']; public $addons = NULL; public $defaults = ['disable_cart' => '', 'disable_checkout' => '', 'use_wc_notices' => '', 'pages' => [...], 'wc_notice_pages' => [...], 'custom_css' => '']; public $default = NULL; public $values = ['settings_name' => 'br-cart_notices-options', 'option_page' => 'br-cart_notices', 'premium_slug' => 'woocommerce-cart-notices', 'free_slug' => 'cart-notices-for-woocommerce', 'hpos_comp' => TRUE]; public $feature_list = []; public $libraries = class BeRocket_framework_libraries { public $libraries_name = [...]; public $info = [...]; public $values = [...]; public $options = [...]; public $libraries_class = [...] }; public $info = ['id' => 12, 'lic_id' => 23, 'version' => '3.6.2.8', 'plugin' => 'cart-notices-for-woocommerce/woocommerce-cart-notices.php', 'slug' => 'cart-notices-for-woocommerce', 'key' => '', 'name' => 'Cart Notices for WooCommerce', 'plugin_name' => 'cart_notices', 'full_name' => 'WooCommerce Cart Notices', 'norm_name' => 'Cart Notices', 'price' => '', 'domain' => 'cart-notices-for-woocommerce', 'templates' => '/Users/franmartinhersog/Local Sites/mi-portfolio-web/app/public/wp-content/plugins/cart-notices-for-woocommerce/templates/', 'plugin_file' => '/Users/franmartinhersog/Local Sites/mi-portfolio-web/app/public/wp-content/plugins/cart-notices-for-woocommerce/woocommerce-cart-notices.php', 'plugin_dir' => '/Users/franmartinhersog/Local Sites/mi-portfolio-web/app/public/wp-content/plugins/cart-notices-for-woocommerce', 'version_capability' => 3, 'free_slug' => 'cart-notices-for-woocommerce']; public $import_export = FALSE; public $import_export_posts = FALSE; protected $disable_settings_for_admin = []; private ${BeRocket_Framework}post = NULL; private ${BeRocket_Framework}cc = ...; protected $plugin_version_capability = 3; protected $framework_data = ['fontawesome_frontend' => FALSE]; protected $active_libraries = []; public $check_lib = NULL; protected $check_init_array = []; public $notice_array = NULL; public $conditions = class BeRocket_conditions_cart_notice { public $conditions = [...]; public $option_name = 'br_notice[condition]'; public $hook_name = 'berocket_cart_notice_post' } }) /Users/franmartinhersog/Local Sites/mi-portfolio-web/app/public/wp-includes/class-wp-hook.php:341
